2026-10-04T01:58:25.717876+00:00 START envelope ablation queue (POST-HOC DEVELOPMENT / TRAIN-VAL ONLY)
2026-10-04T01:58:25.717876+00:00 run A_arrival_to_max seed=42
2026-10-04T03:03:19.643668+00:00 done A_arrival_to_max seed=42
2026-10-04T03:03:19.643668+00:00 run A_arrival_to_max seed=43
2026-10-04T04:05:59.428711+00:00 done A_arrival_to_max seed=43
2026-10-04T04:05:59.430714+00:00 run A_arrival_to_max seed=44
2026-10-04T05:03:41.553928+00:00 done A_arrival_to_max seed=44
2026-10-04T05:03:41.553928+00:00 run A_arrival_to_max seed=45
2026-10-04T05:49:05.849883+00:00 done A_arrival_to_max seed=45
2026-10-04T05:49:05.849883+00:00 run A_arrival_to_max seed=46
2026-10-04T06:52:58.275668+00:00 done A_arrival_to_max seed=46
2026-10-04T06:52:58.275668+00:00 run B_energy_to_max seed=42
2026-10-04T08:00:35.026856+00:00 done B_energy_to_max seed=42
2026-10-04T08:00:35.026856+00:00 run B_energy_to_max seed=43
2026-10-04T09:01:32.826099+00:00 done B_energy_to_max seed=43
2026-10-04T09:01:32.826099+00:00 run B_energy_to_max seed=44
2026-10-04T10:01:47.509086+00:00 done B_energy_to_max seed=44
2026-10-04T10:01:47.509086+00:00 run B_energy_to_max seed=45
2026-10-04T10:53:50.028478+00:00 done B_energy_to_max seed=45
2026-10-04T10:53:50.028478+00:00 run B_energy_to_max seed=46
2026-10-04T11:33:35.018629+00:00 done B_energy_to_max seed=46
2026-10-04T11:33:35.018629+00:00 run C_energy_to_time seed=42
2026-10-04T12:16:34.382976+00:00 done C_energy_to_time seed=42
2026-10-04T12:16:34.383978+00:00 run C_energy_to_time seed=43
2026-10-04T12:49:01.591956+00:00 done C_energy_to_time seed=43
2026-10-04T12:49:01.591956+00:00 run C_energy_to_time seed=44
2026-10-04T13:43:08.885523+00:00 done C_energy_to_time seed=44
2026-10-04T13:43:08.885523+00:00 run C_energy_to_time seed=45
2026-10-04T14:44:38.333575+00:00 done C_energy_to_time seed=45
2026-10-04T14:44:38.333575+00:00 run C_energy_to_time seed=46
2026-10-04T15:57:48.954443+00:00 done C_energy_to_time seed=46
2026-10-04T15:57:48.954443+00:00 COMPLETE envelope ablation queue
